Traceback (most recent call last):
  File "/home/mthfrsupport/repositories/backend/passenger_wsgi.py", line 8, in <module>
    wsgi = imp.load_source('wsgi', 'compute.py')
  File "compute.py", line 119
    self.bookmarkPage(f'Figure {img_path}')
                                         ^
SyntaxError: invalid syntax
Traceback (most recent call last):
  File "/home/mthfrsupport/repositories/backend/passenger_wsgi.py", line 8, in <module>
    wsgi = imp.load_source('wsgi', 'compute.py')
  File "compute.py", line 119
    self.bookmarkPage(f'Figure {img_path}')
                                         ^
SyntaxError: invalid syntax
Traceback (most recent call last):
  File "/home/mthfrsupport/repositories/backend/passenger_wsgi.py", line 8, in <module>
    wsgi = imp.load_source('wsgi', 'compute.py')
  File "compute.py", line 105
    self.bookmarkPage(f'Figure {img_path}')
                                         ^
SyntaxError: invalid syntax
Traceback (most recent call last):
  File "/home/mthfrsupport/repositories/backend/passenger_wsgi.py", line 8, in <module>
    wsgi = imp.load_source('wsgi', 'compute.py')
  File "compute.py", line 105
    self.bookmarkPage(f'Figure {img_path}')
                                         ^
SyntaxError: invalid syntax
Traceback (most recent call last):
  File "/home/mthfrsupport/repositories/backend/passenger_wsgi.py", line 8, in <module>
    wsgi = imp.load_source('wsgi', 'compute.py')
  File "compute.py", line 105
    self.bookmarkPage(f'Figure {img_path}')
                                         ^
SyntaxError: invalid syntax
Traceback (most recent call last):
  File "/home/mthfrsupport/repositories/backend/passenger_wsgi.py", line 8, in <module>
    wsgi = imp.load_source('wsgi', 'compute.py')
  File "compute.py", line 105
    self.bookmarkPage(f'Figure {img_path}')
                                         ^
SyntaxError: invalid syntax
Traceback (most recent call last):
  File "/home/mthfrsupport/repositories/backend/passenger_wsgi.py", line 8, in <module>
    wsgi = imp.load_source('wsgi', 'compute.py')
  File "compute.py", line 105
    self.bookmarkPage(f'Figure {img_path}')
                                         ^
SyntaxError: invalid syntax
Traceback (most recent call last):
  File "/home/mthfrsupport/repositories/backend/passenger_wsgi.py", line 8, in <module>
    wsgi = imp.load_source('wsgi', 'compute.py')
  File "compute.py", line 105
    self.bookmarkPage(f'Figure {img_path}')
                                         ^
SyntaxError: invalid syntax
Traceback (most recent call last):
  File "/home/mthfrsupport/repositories/backend/passenger_wsgi.py", line 8, in <module>
    wsgi = imp.load_source('wsgi', 'compute.py')
  File "compute.py", line 105
    self.bookmarkPage(f'Figure {img_path}')
                                         ^
SyntaxError: invalid syntax
Traceback (most recent call last):
  File "/home/mthfrsupport/repositories/backend/passenger_wsgi.py", line 8, in <module>
    wsgi = imp.load_source('wsgi', 'compute.py')
  File "compute.py", line 105
    self.bookmarkPage(f'Figure {img_path}')
                                         ^
SyntaxError: invalid syntax
Traceback (most recent call last):
  File "/home/mthfrsupport/repositories/backend/passenger_wsgi.py", line 8, in <module>
    wsgi = imp.load_source('wsgi', 'compute.py')
  File "compute.py", line 105
    self.bookmarkPage(f'Figure {img_path}')
                                         ^
SyntaxError: invalid syntax
Traceback (most recent call last):
  File "/home/mthfrsupport/repositories/backend/passenger_wsgi.py", line 8, in <module>
    wsgi = imp.load_source('wsgi', 'compute.py')
  File "compute.py", line 105
    self.bookmarkPage(f'Figure {img_path}')
                                         ^
SyntaxError: invalid syntax
Traceback (most recent call last):
  File "/home/mthfrsupport/repositories/backend/passenger_wsgi.py", line 8, in <module>
    wsgi = imp.load_source('wsgi', 'compute.py')
  File "compute.py", line 105
    self.bookmarkPage(f'Figure {img_path}')
                                         ^
SyntaxError: invalid syntax
Traceback (most recent call last):
  File "/home/mthfrsupport/repositories/backend/passenger_wsgi.py", line 8, in <module>
    wsgi = imp.load_source('wsgi', 'compute.py')
  File "compute.py", line 105
    self.bookmarkPage(f'Figure {img_path}')
                                         ^
SyntaxError: invalid syntax
Traceback (most recent call last):
  File "/home/mthfrsupport/repositories/backend/passenger_wsgi.py", line 8, in <module>
    wsgi = imp.load_source('wsgi', 'compute.py')
  File "compute.py", line 105
    self.bookmarkPage(f'Figure {img_path}')
                                         ^
SyntaxError: invalid syntax
Traceback (most recent call last):
  File "/home/mthfrsupport/repositories/backend/passenger_wsgi.py", line 8, in <module>
    wsgi = imp.load_source('wsgi', 'compute.py')
  File "compute.py", line 104
    self.bookmarkPage(f'Figure {img_path}')
                                         ^
SyntaxError: invalid syntax
Traceback (most recent call last):
  File "/home/mthfrsupport/repositories/backend/passenger_wsgi.py", line 8, in <module>
    wsgi = imp.load_source('wsgi', 'compute.py')
  File "compute.py", line 104
    self.bookmarkPage(f'Figure {img_path}')
                                         ^
SyntaxError: invalid syntax
Traceback (most recent call last):
  File "/home/mthfrsupport/repositories/backend/passenger_wsgi.py", line 9, in <module>
    application = wsgi.application
AttributeError: 'module' object has no attribute 'application'
Traceback (most recent call last):
  File "/home/mthfrsupport/repositories/backend/passenger_wsgi.py", line 8, in <module>
    wsgi = imp.load_source('wsgi', 'compute.py')
  File "compute.py", line 104
    self.bookmarkPage(f'Figure {img_path}')
                                         ^
SyntaxError: invalid syntax
Traceback (most recent call last):
  File "/home/mthfrsupport/repositories/backend/passenger_wsgi.py", line 8, in <module>
    wsgi = imp.load_source('wsgi', 'compute.py')
  File "compute.py", line 104
    self.bookmarkPage(f'Figure {img_path}')
                                         ^
SyntaxError: invalid syntax
Traceback (most recent call last):
  File "/home/mthfrsupport/repositories/backend/passenger_wsgi.py", line 8, in <module>
    wsgi = imp.load_source('wsgi', 'compute.py')
  File "compute.py", line 104
    self.bookmarkPage(f'Figure {img_path}')
                                         ^
SyntaxError: invalid syntax
Traceback (most recent call last):
  File "/home/mthfrsupport/repositories/backend/passenger_wsgi.py", line 8, in <module>
    wsgi = imp.load_source('wsgi', 'compute.py')
  File "compute.py", line 104
    self.bookmarkPage(f'Figure {img_path}')
                                         ^
SyntaxError: invalid syntax
Traceback (most recent call last):
  File "/home/mthfrsupport/repositories/backend/passenger_wsgi.py", line 8, in <module>
    wsgi = imp.load_source('wsgi', 'compute.py')
  File "compute.py", line 104
    self.bookmarkPage(f'Figure {img_path}')
                                         ^
SyntaxError: invalid syntax
Traceback (most recent call last):
  File "/home/mthfrsupport/repositories/backend/passenger_wsgi.py", line 8, in <module>
    wsgi = imp.load_source('wsgi', 'compute.py')
  File "compute.py", line 104
    self.bookmarkPage(f'Figure {img_path}')
                                         ^
SyntaxError: invalid syntax
Traceback (most recent call last):
  File "/home/mthfrsupport/repositories/backend/passenger_wsgi.py", line 8, in <module>
    wsgi = imp.load_source('wsgi', 'compute.py')
  File "compute.py", line 104
    self.bookmarkPage(f'Figure {img_path}')
                                         ^
SyntaxError: invalid syntax
Traceback (most recent call last):
  File "/home/mthfrsupport/repositories/backend/passenger_wsgi.py", line 8, in <module>
    wsgi = imp.load_source('wsgi', 'compute.py')
  File "compute.py", line 104
    self.bookmarkPage(f'Figure {img_path}')
                                         ^
SyntaxError: invalid syntax
Traceback (most recent call last):
  File "/home/mthfrsupport/repositories/backend/passenger_wsgi.py", line 8, in <module>
    wsgi = imp.load_source('wsgi', 'compute.py')
  File "compute.py", line 104
    self.bookmarkPage(f'Figure {img_path}')
                                         ^
SyntaxError: invalid syntax
Traceback (most recent call last):
  File "/home/mthfrsupport/repositories/backend/passenger_wsgi.py", line 8, in <module>
    wsgi = imp.load_source('wsgi', 'compute.py')
  File "compute.py", line 104
    self.bookmarkPage(f'Figure {img_path}')
                                         ^
SyntaxError: invalid syntax
Traceback (most recent call last):
  File "/home/mthfrsupport/repositories/backend/passenger_wsgi.py", line 8, in <module>
    wsgi = imp.load_source('wsgi', 'compute.py')
  File "compute.py", line 104
    self.bookmarkPage(f'Figure {img_path}')
                                         ^
SyntaxError: invalid syntax
Traceback (most recent call last):
  File "/home/mthfrsupport/repositories/backend/passenger_wsgi.py", line 8, in <module>
    wsgi = imp.load_source('wsgi', 'compute.py')
  File "compute.py", line 104
    self.bookmarkPage(f'Figure {img_path}')
                                         ^
SyntaxError: invalid syntax
Traceback (most recent call last):
  File "/home/mthfrsupport/repositories/backend/passenger_wsgi.py", line 8, in <module>
    wsgi = imp.load_source('wsgi', 'compute.py')
  File "compute.py", line 104
    self.bookmarkPage(f'Figure {img_path}')
                                         ^
SyntaxError: invalid syntax
Traceback (most recent call last):
  File "/home/mthfrsupport/repositories/backend/passenger_wsgi.py", line 8, in <module>
    wsgi = imp.load_source('wsgi', 'compute.py')
  File "compute.py", line 104
    self.bookmarkPage(f'Figure {img_path}')
                                         ^
SyntaxError: invalid syntax
Traceback (most recent call last):
  File "/home/mthfrsupport/repositories/backend/passenger_wsgi.py", line 8, in <module>
    wsgi = imp.load_source('wsgi', 'compute.py')
  File "compute.py", line 104
    self.bookmarkPage(f'Figure {img_path}')
                                         ^
SyntaxError: invalid syntax
Traceback (most recent call last):
  File "/home/mthfrsupport/repositories/backend/passenger_wsgi.py", line 8, in <module>
    wsgi = imp.load_source('wsgi', 'compute.py')
  File "compute.py", line 104
    self.bookmarkPage(f'Figure {img_path}')
                                         ^
SyntaxError: invalid syntax
Traceback (most recent call last):
  File "/home/mthfrsupport/repositories/backend/passenger_wsgi.py", line 8, in <module>
    wsgi = imp.load_source('wsgi', 'compute.py')
  File "compute.py", line 104
    self.bookmarkPage(f'Figure {img_path}')
                                         ^
SyntaxError: invalid syntax
